Asterisk (*) preceding a constraint indicates it was not met.
   This may be due to a setup or hold violation.

------------------------------------------------------------------------------------------------------
  Constraint                                |  Check  | Worst Case |  Best Case | Timing |   Timing   
                                            |         |    Slack   | Achievable | Errors |    Score   
------------------------------------------------------------------------------------------------------
  Autotimespec constraint for clock net U12 | SETUP   |         N/A|    10.739ns|     N/A|           0
  /CLK2                                     | HOLD    |     0.831ns|            |       0|           0
------------------------------------------------------------------------------------------------------
  Autotimespec constraint for clock net clk | SETUP   |         N/A|     9.462ns|     N/A|           0
  50_BUFGP                                  | HOLD    |     0.776ns|            |       0|           0
------------------------------------------------------------------------------------------------------
  Autotimespec constraint for clock net U2/ | SETUP   |         N/A|     5.242ns|     N/A|        2891
  clkcon                                    | HOLD    |     0.443ns|            |       0|           0
------------------------------------------------------------------------------------------------------
  Autotimespec constraint for clock net U1/ | SETUP   |         N/A|     3.442ns|     N/A|           0
  CLK2                                      | HOLD    |     0.450ns|            |       0|           0
------------------------------------------------------------------------------------------------------


1 constraint not met.
INFO:Timing:2761 - N/A entries in the Constraints list may indicate that the 
   constraint does not cover any paths or that it has no requested value.


