AR apro_animacion_top structural C:/proyec_final/apro_animacion_top.vhd sub00/vhpl03 1306125982
AR cont_display_top structural C:/proyec_final/apro_animacion_top.vhd sub00/vhpl01 1305860468
EN cont_display_top NULL C:/proyec_final/apro_animacion_top.vhd sub00/vhpl00 1305860467
EN apro_animacion_top NULL C:/proyec_final/apro_animacion_top.vhd sub00/vhpl02 1306125981
